// Jest Snapshot v1, https://goo.gl/fbAQLP

exports[`LogoLock renders with default props 1`] = `
<svg
  aria-label="Lockwright"
  fill="none"
  height="43"
  role="img"
  viewBox="0 0 64 64"
  width="32"
  xmlns="http://www.w3.org/2000/svg"
>
  <rect
    fill="#14161b"
    height="56"
    rx="2"
    stroke="#b08d57"
    stroke-width="1.5"
    width="56"
    x="4"
    y="4"
  />
  <rect
    fill="#08090b"
    height="36"
    rx="2"
    stroke="#2a2e36"
    stroke-width="1"
    width="36"
    x="14"
    y="14"
  />
  <rect
    fill="#d4af77"
    height="14"
    rx="2"
    width="14"
    x="25"
    y="20"
  />
  <rect
    fill="#d4af77"
    height="14"
    rx="1"
    width="6"
    x="29"
    y="32"
  />
</svg>
`;
