// Jest Snapshot v1, https://goo.gl/fbAQLP

exports[`DesktopConnectionModalContent matches snapshot 1`] = `
<div>
  <div
    data-close-on-outside-click="false"
    data-testid="desktop-connection-modal"
  >
    <header>
      Desktop app required
    </header>
    <button
      aria-label="close"
      data-testid="desktop-connection-modal-close"
      type="button"
    />
    <div>
      <div
        class="flex flex-col gap-[var(--spacing12)]"
      >
        <p>
          The browser extension needs the PearPass desktop app to be open and running to access your secure vaults.
        </p>
        <p
          data-testid="desktop-connection-modal-tips"
        >
          Firefox / Zen: use the Firefox build of this extension and keep the desktop app installed so the native messaging host is registered. Flatpak Zen needs permission to read the host native-messaging paths.
        </p>
      </div>
    </div>
    <footer>
      <div
        class="flex w-full items-center justify-end gap-[var(--spacing8)]"
      >
        <button
          data-testid="desktop-connection-modal-discard"
        >
          Discard
        </button>
        <button
          data-testid="desktop-connection-modal-retry"
        >
          Sync again
        </button>
      </div>
    </footer>
  </div>
</div>
`;
